[13:45:42] Logging to C:\projects\claude_code_test_project\models\neural_shaped_v1.log
[13:45:43] Device: cuda
[13:45:43] Reward rules: 5 active
[13:45:43]   - last_trick_bonus (weight=1.0)
[13:45:43]   - wasted_points_penalty (weight=1.0)
[13:45:43]   - waste_trump_penalty (weight=1.0)
[13:45:43]   - schmear_reward (weight=1.0)
[13:45:43]   - win_valuable_trick_bonus (weight=1.0)
[13:45:43] Loaded pretrained policy from C:\projects\claude_code_test_project\models\neural_best.pt
[13:45:43] Actor-Critic parameters: 338,593
[13:45:43] Settings: lr=0.0001, temp=1.15, shaping_weight=0.35, clip=0.15, entropy=0.02, kl=0.1, games/epoch=256
[13:45:43] 
--- Initial benchmark vs expert_v2 ---
[13:50:20]   win_rate=0.4844, avg_point_diff=18.47
[13:50:20]   => Initial model saved as baseline (avg_point_diff=+18.47)
[13:56:01] Logging to C:\projects\claude_code_test_project\models\neural_shaped_v1.log
[13:56:01] Device: cuda
[13:56:01] Reward rules: 5 active
[13:56:01]   - last_trick_bonus (weight=1.0)
[13:56:01]   - wasted_points_penalty (weight=1.0)
[13:56:01]   - waste_trump_penalty (weight=1.0)
[13:56:01]   - schmear_reward (weight=1.0)
[13:56:01]   - win_valuable_trick_bonus (weight=1.0)
[13:56:01] Loaded pretrained policy from C:\projects\claude_code_test_project\models\neural_best.pt
[13:56:01] Actor-Critic parameters: 338,593
[13:56:01] Settings: lr=0.0001, temp=1.15, shaping_weight=0.35, clip=0.15, entropy=0.02, kl=0.1, games/epoch=256
[13:56:01] 
--- Initial benchmark vs expert_v2 ---
[13:58:52] Logging to C:\projects\claude_code_test_project\models\neural_shaped_v1.log
[13:58:52] Device: cuda
[13:58:52] Reward rules: 5 active
[13:58:52]   - last_trick_bonus (weight=1.0)
[13:58:52]   - wasted_points_penalty (weight=1.0)
[13:58:52]   - waste_trump_penalty (weight=1.0)
[13:58:52]   - schmear_reward (weight=1.0)
[13:58:52]   - win_valuable_trick_bonus (weight=1.0)
[13:58:52] Loaded pretrained policy from C:\projects\claude_code_test_project\models\neural_best.pt
[13:58:52] Actor-Critic parameters: 338,593
[13:58:52] Settings: lr=0.0001, temp=1.15, shaping_weight=0.35, clip=0.15, entropy=0.02, kl=0.1, games/epoch=256
[13:58:52] 
--- Initial benchmark vs expert_v2 ---
[14:03:25]   win_rate=0.4844, avg_point_diff=18.47
[14:03:25] 
--- Finished initial benchmark vs expert_v2 ---
[14:03:25]   => Initial model saved as baseline (avg_point_diff=+18.47)
[14:07:41] Epoch   1/1  reward=+0.0232  recent_20=+0.0232  p_loss=0.0026  v_loss=25.8646  entropy=0.5873  kl=0.0109  trans=81920
[14:07:41]   -> Window best (epoch 1, recent_20=+0.0232)
[14:07:41] 
--- Final benchmark vs expert_v2 ---
[14:09:51]   win_rate=0.4062, avg_point_diff=-115.69
[14:09:51]   => Keeping previous best (avg_point_diff=+18.47)
[14:09:51] 
Done. Best model: C:\projects\claude_code_test_project\models\neural_shaped_v1.pt (benchmark diff=+18.47)
[14:15:58] Logging to C:\projects\claude_code_test_project\models\neural_shaped_v1.log
[14:15:58] Device: cuda
[14:15:58] Reward rules: 5 active
[14:15:58]   - last_trick_bonus (weight=1.0)
[14:15:58]   - wasted_points_penalty (weight=1.0)
[14:15:58]   - waste_trump_penalty (weight=1.0)
[14:15:58]   - schmear_reward (weight=1.0)
[14:15:58]   - win_valuable_trick_bonus (weight=1.0)
[14:15:58] Loaded pretrained policy from C:\projects\claude_code_test_project\models\neural_best.pt
[14:15:58] Actor-Critic parameters: 338,593
[14:15:58] Settings: lr=0.0001, temp=1.15, shaping_weight=0.25, clip=0.15, entropy=0.02, kl=0.1, games/epoch=128
[14:15:58] 
--- Initial benchmark vs expert_v2 ---
[14:20:18]   win_rate=0.4844, avg_point_diff=18.47
[14:20:18] 
--- Finished initial benchmark vs expert_v2 ---
[14:20:18]   => Initial model saved as baseline (avg_point_diff=+18.47)
[14:22:16] Epoch   1/120  reward=+0.0162  recent_20=+0.0162  p_loss=0.0031  v_loss=26.7704  entropy=0.5844  kl=0.0108  trans=40960
[14:22:16]   -> Window best (epoch 1, recent_20=+0.0162)
[14:24:13] Epoch   2/120  reward=-0.0215  recent_20=-0.0027  p_loss=-0.0024  v_loss=26.1692  entropy=0.6075  kl=0.0243  trans=40960
[14:26:08] Epoch   3/120  reward=-0.0267  recent_20=-0.0107  p_loss=-0.0018  v_loss=28.1235  entropy=0.6278  kl=0.0339  trans=40960
[14:28:03] Epoch   4/120  reward=+0.0264  recent_20=-0.0014  p_loss=-0.0019  v_loss=26.4535  entropy=0.6482  kl=0.0441  trans=40960
[14:29:57] Epoch   5/120  reward=-0.0102  recent_20=-0.0032  p_loss=-0.0022  v_loss=27.3707  entropy=0.6507  kl=0.0528  trans=40960
[14:31:51] Epoch   6/120  reward=-0.0211  recent_20=-0.0061  p_loss=-0.0019  v_loss=28.1203  entropy=0.6532  kl=0.0570  trans=40960
[14:33:47] Epoch   7/120  reward=+0.0079  recent_20=-0.0041  p_loss=-0.0019  v_loss=27.7505  entropy=0.6677  kl=0.0659  trans=40960
[14:35:44] Epoch   8/120  reward=+0.0044  recent_20=-0.0031  p_loss=-0.0022  v_loss=26.4264  entropy=0.6800  kl=0.0768  trans=40960
[14:37:38] Epoch   9/120  reward=+0.0527  recent_20=+0.0031  p_loss=-0.0015  v_loss=27.1544  entropy=0.6917  kl=0.0857  trans=40960
[14:39:36] Epoch  10/120  reward=-0.0174  recent_20=+0.0011  p_loss=-0.0019  v_loss=25.7667  entropy=0.6985  kl=0.0924  trans=40960
[14:39:36] 
--- Benchmark vs expert_v2 (epoch 10) ---
[14:43:42]   win_rate=0.5, avg_point_diff=-100.62
[14:43:42] --- Benchmark window best (epoch 1) ---
[14:47:51]   win_rate=0.5, avg_point_diff=-66.62
[14:47:51]   => Kept previous best (avg_point_diff=+18.47)
[14:47:51] 
[14:49:51] Epoch  11/120  reward=-0.0028  recent_20=+0.0007  p_loss=-0.0020  v_loss=26.7524  entropy=0.6975  kl=0.0968  trans=40960
[14:49:51]   -> Window best (epoch 11, recent_20=+0.0007)
[14:51:54] Epoch  12/120  reward=+0.0429  recent_20=+0.0042  p_loss=-0.0012  v_loss=28.2367  entropy=0.7039  kl=0.1007  trans=40960
[14:51:54]   -> Window best (epoch 12, recent_20=+0.0042)
[14:54:00] Epoch  13/120  reward=+0.0000  recent_20=+0.0039  p_loss=-0.0028  v_loss=25.0562  entropy=0.7019  kl=0.1055  trans=40960
[14:56:05] Epoch  14/120  reward=-0.0239  recent_20=+0.0019  p_loss=-0.0014  v_loss=25.6032  entropy=0.7063  kl=0.1112  trans=40960
[14:58:09] Epoch  15/120  reward=-0.0326  recent_20=-0.0004  p_loss=-0.0022  v_loss=25.9430  entropy=0.7148  kl=0.1159  trans=40960
[15:00:13] Epoch  16/120  reward=-0.0389  recent_20=-0.0028  p_loss=-0.0010  v_loss=26.3003  entropy=0.7181  kl=0.1202  trans=40960
[15:02:18] Epoch  17/120  reward=-0.0237  recent_20=-0.0040  p_loss=-0.0024  v_loss=26.5304  entropy=0.7135  kl=0.1269  trans=40960
[15:04:25] Epoch  18/120  reward=-0.0017  recent_20=-0.0039  p_loss=-0.0020  v_loss=27.4617  entropy=0.7205  kl=0.1267  trans=40960
[15:06:30] Epoch  19/120  reward=-0.0112  recent_20=-0.0043  p_loss=-0.0019  v_loss=26.6180  entropy=0.7248  kl=0.1282  trans=40960
[15:08:33] Epoch  20/120  reward=-0.0137  recent_20=-0.0047  p_loss=-0.0024  v_loss=26.9961  entropy=0.7248  kl=0.1315  trans=40960
[15:08:33] 
--- Benchmark vs expert_v2 (epoch 20) ---
[15:12:51]   win_rate=0.4844, avg_point_diff=-56.44
[15:12:51] --- Benchmark window best (epoch 12) ---
[15:17:01]   win_rate=0.4531, avg_point_diff=-66.97
[15:17:01]   => Kept previous best (avg_point_diff=+18.47)
[15:17:01] 
[15:19:04] Epoch  21/120  reward=-0.0224  recent_20=-0.0067  p_loss=-0.0009  v_loss=27.1029  entropy=0.7198  kl=0.1232  trans=40960
[15:19:04]   -> Window best (epoch 21, recent_20=-0.0067)
[15:21:08] Epoch  22/120  reward=+0.0158  recent_20=-0.0048  p_loss=-0.0024  v_loss=25.4785  entropy=0.7264  kl=0.1288  trans=40960
[15:21:08]   -> Window best (epoch 22, recent_20=-0.0048)
[15:23:12] Epoch  23/120  reward=-0.0038  recent_20=-0.0037  p_loss=-0.0027  v_loss=26.5010  entropy=0.7230  kl=0.1294  trans=40960
[15:23:12]   -> Window best (epoch 23, recent_20=-0.0037)
[15:25:17] Epoch  24/120  reward=-0.0151  recent_20=-0.0057  p_loss=-0.0024  v_loss=25.8154  entropy=0.7195  kl=0.1325  trans=40960
[15:27:19] Epoch  25/120  reward=-0.0056  recent_20=-0.0055  p_loss=-0.0017  v_loss=26.1710  entropy=0.7285  kl=0.1331  trans=40960
[15:29:20] Epoch  26/120  reward=-0.0237  recent_20=-0.0056  p_loss=-0.0022  v_loss=25.0311  entropy=0.7276  kl=0.1378  trans=40960
[15:31:22] Epoch  27/120  reward=+0.0149  recent_20=-0.0053  p_loss=-0.0021  v_loss=25.9963  entropy=0.7307  kl=0.1388  trans=40960
[15:33:23] Epoch  28/120  reward=-0.0108  recent_20=-0.0060  p_loss=-0.0021  v_loss=24.7338  entropy=0.7284  kl=0.1357  trans=40960
[15:35:23] Epoch  29/120  reward=-0.0221  recent_20=-0.0098  p_loss=-0.0013  v_loss=25.9893  entropy=0.7261  kl=0.1327  trans=40960
[15:37:24] Epoch  30/120  reward=+0.0212  recent_20=-0.0079  p_loss=-0.0020  v_loss=29.3768  entropy=0.7317  kl=0.1369  trans=40960
[15:37:24] 
--- Benchmark vs expert_v2 (epoch 30) ---
[15:41:25]   win_rate=0.5312, avg_point_diff=-64.12
[15:41:25] --- Benchmark window best (epoch 23) ---
[15:45:22]   win_rate=0.5156, avg_point_diff=-37.31
[15:45:22]   => Kept previous best (avg_point_diff=+18.47)
[15:45:22] 
[15:47:23] Epoch  31/120  reward=-0.0101  recent_20=-0.0082  p_loss=-0.0018  v_loss=26.5434  entropy=0.7312  kl=0.1379  trans=40960
[15:47:23]   -> Window best (epoch 31, recent_20=-0.0082)
[15:49:23] Epoch  32/120  reward=-0.0188  recent_20=-0.0113  p_loss=-0.0019  v_loss=29.7407  entropy=0.7283  kl=0.1396  trans=40960
[15:51:23] Epoch  33/120  reward=+0.0319  recent_20=-0.0097  p_loss=-0.0016  v_loss=29.8860  entropy=0.7280  kl=0.1384  trans=40960
[15:53:24] Epoch  34/120  reward=+0.0046  recent_20=-0.0083  p_loss=-0.0019  v_loss=29.5195  entropy=0.7278  kl=0.1404  trans=40960
[15:55:24] Epoch  35/120  reward=-0.0258  recent_20=-0.0079  p_loss=-0.0019  v_loss=30.1097  entropy=0.7268  kl=0.1428  trans=40960
[15:55:24]   -> Window best (epoch 35, recent_20=-0.0079)
[15:57:25] Epoch  36/120  reward=-0.0321  recent_20=-0.0076  p_loss=-0.0016  v_loss=29.4528  entropy=0.7289  kl=0.1440  trans=40960
[15:57:25]   -> Window best (epoch 36, recent_20=-0.0076)
[15:59:26] Epoch  37/120  reward=-0.0264  recent_20=-0.0077  p_loss=-0.0023  v_loss=27.6588  entropy=0.7340  kl=0.1430  trans=40960
[16:01:27] Epoch  38/120  reward=+0.0009  recent_20=-0.0076  p_loss=-0.0018  v_loss=26.9628  entropy=0.7350  kl=0.1446  trans=40960
[16:03:28] Epoch  39/120  reward=+0.0078  recent_20=-0.0067  p_loss=-0.0013  v_loss=26.7005  entropy=0.7350  kl=0.1495  trans=40960
[16:03:28]   -> Window best (epoch 39, recent_20=-0.0067)
[16:05:30] Epoch  40/120  reward=-0.0035  recent_20=-0.0061  p_loss=-0.0016  v_loss=26.2802  entropy=0.7317  kl=0.1509  trans=40960
[16:05:30]   -> Window best (epoch 40, recent_20=-0.0061)
[16:05:30] 
--- Benchmark vs expert_v2 (epoch 40) ---
[16:09:25]   win_rate=0.5, avg_point_diff=-54.75
[16:09:25]   => Kept previous best (avg_point_diff=+18.47)
[16:09:25] 
[16:11:24] Epoch  41/120  reward=-0.0298  recent_20=-0.0065  p_loss=-0.0009  v_loss=26.0114  entropy=0.7364  kl=0.1531  trans=40960
[16:11:24]   -> Window best (epoch 41, recent_20=-0.0065)
[16:13:25] Epoch  42/120  reward=+0.0108  recent_20=-0.0068  p_loss=-0.0010  v_loss=24.1507  entropy=0.7381  kl=0.1489  trans=40960
[16:15:27] Epoch  43/120  reward=-0.0356  recent_20=-0.0084  p_loss=-0.0019  v_loss=27.0165  entropy=0.7352  kl=0.1520  trans=40960
[16:17:28] Epoch  44/120  reward=-0.0150  recent_20=-0.0083  p_loss=-0.0018  v_loss=26.3035  entropy=0.7365  kl=0.1520  trans=40960
[16:19:28] Epoch  45/120  reward=-0.0111  recent_20=-0.0086  p_loss=-0.0022  v_loss=27.0022  entropy=0.7370  kl=0.1490  trans=40960
[16:21:28] Epoch  46/120  reward=+0.0072  recent_20=-0.0071  p_loss=-0.0021  v_loss=25.1668  entropy=0.7297  kl=0.1467  trans=40960
[16:23:29] Epoch  47/120  reward=+0.0631  recent_20=-0.0047  p_loss=-0.0010  v_loss=28.4314  entropy=0.7280  kl=0.1368  trans=40960
[16:23:29]   -> Window best (epoch 47, recent_20=-0.0047)
[16:25:29] Epoch  48/120  reward=-0.0085  recent_20=-0.0046  p_loss=-0.0013  v_loss=26.5053  entropy=0.7238  kl=0.1364  trans=40960
[16:25:29]   -> Window best (epoch 48, recent_20=-0.0046)
[16:27:37] Epoch  49/120  reward=-0.0048  recent_20=-0.0037  p_loss=-0.0022  v_loss=26.3232  entropy=0.7291  kl=0.1416  trans=40960
[16:27:37]   -> Window best (epoch 49, recent_20=-0.0037)
[16:29:44] Epoch  50/120  reward=-0.0388  recent_20=-0.0067  p_loss=-0.0007  v_loss=28.0477  entropy=0.7239  kl=0.1395  trans=40960
[16:29:44] 
--- Benchmark vs expert_v2 (epoch 50) ---
[16:33:46]   win_rate=0.4531, avg_point_diff=-64.34
[16:33:46] --- Benchmark window best (epoch 49) ---
[16:37:53]   win_rate=0.5156, avg_point_diff=-74.44
[16:37:53]   => Kept previous best (avg_point_diff=+18.47)
[16:37:53] 
[16:39:56] Epoch  51/120  reward=+0.0376  recent_20=-0.0043  p_loss=-0.0014  v_loss=28.4647  entropy=0.7290  kl=0.1392  trans=40960
[16:39:56]   -> Window best (epoch 51, recent_20=-0.0043)
[16:41:58] Epoch  52/120  reward=+0.0021  recent_20=-0.0033  p_loss=-0.0014  v_loss=26.3042  entropy=0.7328  kl=0.1439  trans=40960
[16:41:58]   -> Window best (epoch 52, recent_20=-0.0033)
[16:44:01] Epoch  53/120  reward=+0.0158  recent_20=-0.0041  p_loss=-0.0013  v_loss=27.8921  entropy=0.7383  kl=0.1483  trans=40960
[16:46:03] Epoch  54/120  reward=+0.0167  recent_20=-0.0035  p_loss=-0.0015  v_loss=27.6336  entropy=0.7384  kl=0.1542  trans=40960
[16:48:06] Epoch  55/120  reward=-0.0159  recent_20=-0.0030  p_loss=-0.0019  v_loss=22.2368  entropy=0.7366  kl=0.1561  trans=40960
[16:48:06]   -> Window best (epoch 55, recent_20=-0.0030)
[16:50:09] Epoch  56/120  reward=+0.0116  recent_20=-0.0008  p_loss=-0.0005  v_loss=26.7680  entropy=0.7441  kl=0.1536  trans=40960
[16:50:09]   -> Window best (epoch 56, recent_20=-0.0008)
[16:52:13] Epoch  57/120  reward=+0.0096  recent_20=+0.0010  p_loss=-0.0016  v_loss=26.7285  entropy=0.7358  kl=0.1540  trans=40960
[16:52:13]   -> Window best (epoch 57, recent_20=+0.0010)
[16:54:16] Epoch  58/120  reward=+0.0046  recent_20=+0.0012  p_loss=-0.0019  v_loss=23.4812  entropy=0.7363  kl=0.1544  trans=40960
[16:54:16]   -> Window best (epoch 58, recent_20=+0.0012)
[16:56:18] Epoch  59/120  reward=+0.0202  recent_20=+0.0018  p_loss=-0.0012  v_loss=25.1479  entropy=0.7309  kl=0.1503  trans=40960
[16:56:18]   -> Window best (epoch 59, recent_20=+0.0018)
[16:58:19] Epoch  60/120  reward=+0.0261  recent_20=+0.0033  p_loss=-0.0012  v_loss=25.8940  entropy=0.7332  kl=0.1509  trans=40960
[16:58:19]   -> Window best (epoch 60, recent_20=+0.0033)
[16:58:19] 
--- Benchmark vs expert_v2 (epoch 60) ---
[17:02:13]   win_rate=0.4688, avg_point_diff=-14.72
[17:02:13]   => Kept previous best (avg_point_diff=+18.47)
[17:02:13] 
[17:04:13] Epoch  61/120  reward=+0.0316  recent_20=+0.0064  p_loss=-0.0018  v_loss=29.9363  entropy=0.7333  kl=0.1517  trans=40960
[17:04:13]   -> Window best (epoch 61, recent_20=+0.0064)
[17:06:14] Epoch  62/120  reward=+0.0229  recent_20=+0.0070  p_loss=-0.0009  v_loss=30.0177  entropy=0.7299  kl=0.1501  trans=40960
[17:06:14]   -> Window best (epoch 62, recent_20=+0.0070)
[17:08:14] Epoch  63/120  reward=+0.0124  recent_20=+0.0094  p_loss=-0.0021  v_loss=25.1972  entropy=0.7356  kl=0.1579  trans=40960
[17:08:14]   -> Window best (epoch 63, recent_20=+0.0094)
[17:10:15] Epoch  64/120  reward=+0.0005  recent_20=+0.0101  p_loss=-0.0019  v_loss=23.5461  entropy=0.7378  kl=0.1584  trans=40960
[17:10:15]   -> Window best (epoch 64, recent_20=+0.0101)
[17:12:16] Epoch  65/120  reward=+0.0356  recent_20=+0.0125  p_loss=-0.0013  v_loss=26.6503  entropy=0.7413  kl=0.1614  trans=40960
[17:12:16]   -> Window best (epoch 65, recent_20=+0.0125)
[17:14:16] Epoch  66/120  reward=+0.0182  recent_20=+0.0130  p_loss=-0.0012  v_loss=28.3987  entropy=0.7350  kl=0.1555  trans=40960
[17:14:16]   -> Window best (epoch 66, recent_20=+0.0130)
[17:16:17] Epoch  67/120  reward=+0.0093  recent_20=+0.0103  p_loss=-0.0015  v_loss=26.8503  entropy=0.7325  kl=0.1577  trans=40960
[17:18:19] Epoch  68/120  reward=+0.0042  recent_20=+0.0110  p_loss=-0.0016  v_loss=26.8066  entropy=0.7348  kl=0.1587  trans=40960
[17:20:21] Epoch  69/120  reward=-0.0373  recent_20=+0.0093  p_loss=-0.0016  v_loss=28.6776  entropy=0.7348  kl=0.1609  trans=40960
[17:22:22] Epoch  70/120  reward=-0.0327  recent_20=+0.0097  p_loss=-0.0017  v_loss=27.0931  entropy=0.7344  kl=0.1591  trans=40960
[17:22:22] 
--- Benchmark vs expert_v2 (epoch 70) ---
[17:26:32]   win_rate=0.4531, avg_point_diff=-112.72
[17:26:32] --- Benchmark window best (epoch 66) ---
[17:30:45]   win_rate=0.5625, avg_point_diff=76.56
[17:30:45]   => NEW BEST model saved from window (epoch 66) (avg_point_diff=+76.56)
[17:30:45] 
[17:32:46] Epoch  71/120  reward=-0.0105  recent_20=+0.0073  p_loss=-0.0017  v_loss=26.2328  entropy=0.7310  kl=0.1576  trans=40960
[17:32:46]   -> Window best (epoch 71, recent_20=+0.0073)
[17:34:47] Epoch  72/120  reward=-0.0311  recent_20=+0.0056  p_loss=-0.0010  v_loss=26.3236  entropy=0.7319  kl=0.1605  trans=40960
[17:36:47] Epoch  73/120  reward=-0.0114  recent_20=+0.0042  p_loss=-0.0010  v_loss=26.3072  entropy=0.7346  kl=0.1659  trans=40960
[17:38:48] Epoch  74/120  reward=-0.0105  recent_20=+0.0029  p_loss=-0.0015  v_loss=29.4415  entropy=0.7362  kl=0.1661  trans=40960
[17:40:50] Epoch  75/120  reward=+0.0223  recent_20=+0.0048  p_loss=-0.0017  v_loss=27.4817  entropy=0.7420  kl=0.1661  trans=40960
[17:40:50]   -> Temperature: 1.10
[17:42:50] Epoch  76/120  reward=+0.0314  recent_20=+0.0058  p_loss=-0.0013  v_loss=25.5267  entropy=0.7352  kl=0.1632  trans=40960
[17:44:51] Epoch  77/120  reward=+0.0045  recent_20=+0.0055  p_loss=-0.0023  v_loss=26.5003  entropy=0.7295  kl=0.1530  trans=40960
[17:46:53] Epoch  78/120  reward=+0.0087  recent_20=+0.0057  p_loss=-0.0012  v_loss=25.4870  entropy=0.7290  kl=0.1500  trans=40960
[17:48:56] Epoch  79/120  reward=+0.0133  recent_20=+0.0054  p_loss=-0.0021  v_loss=26.2650  entropy=0.7260  kl=0.1499  trans=40960
[17:50:57] Epoch  80/120  reward=-0.0187  recent_20=+0.0031  p_loss=-0.0003  v_loss=27.1985  entropy=0.7206  kl=0.1423  trans=40960
[17:50:57] 
--- Benchmark vs expert_v2 (epoch 80) ---
[17:55:00]   win_rate=0.4688, avg_point_diff=-53.47
[17:55:00] --- Benchmark window best (epoch 71) ---
[17:59:13]   win_rate=0.5, avg_point_diff=-49.47
[17:59:13]   => Kept previous best (avg_point_diff=+76.56)
[17:59:13] 
[18:01:14] Epoch  81/120  reward=+0.0015  recent_20=+0.0016  p_loss=-0.0021  v_loss=24.8706  entropy=0.7208  kl=0.1474  trans=40960
[18:01:14]   -> Window best (epoch 81, recent_20=+0.0016)
[18:03:15] Epoch  82/120  reward=+0.0020  recent_20=+0.0006  p_loss=-0.0018  v_loss=26.2088  entropy=0.7111  kl=0.1339  trans=40960
[18:05:17] Epoch  83/120  reward=+0.0091  recent_20=+0.0004  p_loss=-0.0011  v_loss=27.1469  entropy=0.7134  kl=0.1362  trans=40960
[18:07:17] Epoch  84/120  reward=-0.0270  recent_20=-0.0010  p_loss=-0.0013  v_loss=28.3143  entropy=0.7131  kl=0.1407  trans=40960
[18:09:19] Epoch  85/120  reward=-0.0083  recent_20=-0.0031  p_loss=-0.0018  v_loss=24.4954  entropy=0.7204  kl=0.1413  trans=40960
[18:11:21] Epoch  86/120  reward=-0.0462  recent_20=-0.0064  p_loss=-0.0013  v_loss=26.6184  entropy=0.7189  kl=0.1390  trans=40960
[18:13:22] Epoch  87/120  reward=-0.0385  recent_20=-0.0088  p_loss=-0.0016  v_loss=24.2578  entropy=0.7150  kl=0.1391  trans=40960
[18:15:24] Epoch  88/120  reward=-0.0013  recent_20=-0.0090  p_loss=-0.0016  v_loss=26.3631  entropy=0.7166  kl=0.1407  trans=40960
[18:17:26] Epoch  89/120  reward=-0.0212  recent_20=-0.0082  p_loss=-0.0010  v_loss=24.8157  entropy=0.7127  kl=0.1390  trans=40960
[18:19:27] Epoch  90/120  reward=+0.0192  recent_20=-0.0056  p_loss=-0.0016  v_loss=28.1018  entropy=0.7074  kl=0.1330  trans=40960
[18:19:27] 
--- Benchmark vs expert_v2 (epoch 90) ---
[18:23:37]   win_rate=0.3594, avg_point_diff=-176.06
[18:23:37] --- Benchmark window best (epoch 81) ---
[18:27:40]   win_rate=0.4688, avg_point_diff=-4.28
[18:27:40]   => Kept previous best (avg_point_diff=+76.56)
[18:27:40] 
[18:29:41] Epoch  91/120  reward=-0.0084  recent_20=-0.0055  p_loss=-0.0021  v_loss=24.3739  entropy=0.7138  kl=0.1344  trans=40960
[18:29:41]   -> Window best (epoch 91, recent_20=-0.0055)
[18:31:41] Epoch  92/120  reward=+0.0358  recent_20=-0.0022  p_loss=-0.0015  v_loss=24.7045  entropy=0.7122  kl=0.1315  trans=40960
[18:31:41]   -> Window best (epoch 92, recent_20=-0.0022)
[18:33:41] Epoch  93/120  reward=-0.0099  recent_20=-0.0021  p_loss=-0.0020  v_loss=26.4484  entropy=0.7068  kl=0.1371  trans=40960
[18:33:41]   -> Window best (epoch 93, recent_20=-0.0021)
[18:35:43] Epoch  94/120  reward=-0.0266  recent_20=-0.0029  p_loss=-0.0009  v_loss=26.6455  entropy=0.7085  kl=0.1348  trans=40960
[18:37:44] Epoch  95/120  reward=+0.0335  recent_20=-0.0024  p_loss=-0.0013  v_loss=26.6167  entropy=0.7069  kl=0.1317  trans=40960
[18:39:47] Epoch  96/120  reward=-0.0294  recent_20=-0.0054  p_loss=-0.0021  v_loss=25.2708  entropy=0.7069  kl=0.1343  trans=40960
[18:41:49] Epoch  97/120  reward=+0.0175  recent_20=-0.0047  p_loss=-0.0023  v_loss=24.1567  entropy=0.7142  kl=0.1333  trans=40960
[18:43:52] Epoch  98/120  reward=+0.0075  recent_20=-0.0048  p_loss=-0.0023  v_loss=22.9439  entropy=0.7154  kl=0.1395  trans=40960
[18:45:53] Epoch  99/120  reward=+0.0075  recent_20=-0.0051  p_loss=-0.0024  v_loss=21.7157  entropy=0.7150  kl=0.1419  trans=40960
[18:47:55] Epoch 100/120  reward=-0.0122  recent_20=-0.0048  p_loss=-0.0013  v_loss=27.4076  entropy=0.7152  kl=0.1462  trans=40960
[18:47:55] 
--- Benchmark vs expert_v2 (epoch 100) ---
[18:52:03]   win_rate=0.4219, avg_point_diff=-128.0
[18:52:03] --- Benchmark window best (epoch 93) ---
[18:56:12]   win_rate=0.4219, avg_point_diff=-53.56
[18:56:12]   => Kept previous best (avg_point_diff=+76.56)
[18:56:12] 
[18:58:12] Epoch 101/120  reward=-0.0269  recent_20=-0.0062  p_loss=-0.0002  v_loss=27.4443  entropy=0.7155  kl=0.1399  trans=40960
[18:58:12]   -> Window best (epoch 101, recent_20=-0.0062)
[19:00:14] Epoch 102/120  reward=-0.0199  recent_20=-0.0073  p_loss=-0.0023  v_loss=24.8452  entropy=0.7144  kl=0.1373  trans=40960
[19:02:16] Epoch 103/120  reward=+0.0274  recent_20=-0.0064  p_loss=-0.0008  v_loss=25.4014  entropy=0.7120  kl=0.1354  trans=40960
[19:04:19] Epoch 104/120  reward=+0.0267  recent_20=-0.0037  p_loss=-0.0016  v_loss=25.2880  entropy=0.7087  kl=0.1343  trans=40960
[19:04:19]   -> Window best (epoch 104, recent_20=-0.0037)
[19:06:20] Epoch 105/120  reward=+0.0062  recent_20=-0.0030  p_loss=-0.0015  v_loss=28.4741  entropy=0.7140  kl=0.1340  trans=40960
[19:06:20]   -> Window best (epoch 105, recent_20=-0.0030)
[19:08:22] Epoch 106/120  reward=-0.0235  recent_20=-0.0018  p_loss=-0.0012  v_loss=27.6417  entropy=0.7123  kl=0.1393  trans=40960
[19:08:22]   -> Window best (epoch 106, recent_20=-0.0018)
[19:10:24] Epoch 107/120  reward=-0.0294  recent_20=-0.0014  p_loss=-0.0018  v_loss=28.9120  entropy=0.7141  kl=0.1472  trans=40960
[19:10:24]   -> Window best (epoch 107, recent_20=-0.0014)
[19:12:26] Epoch 108/120  reward=-0.0144  recent_20=-0.0020  p_loss=-0.0013  v_loss=27.1823  entropy=0.7137  kl=0.1454  trans=40960
[19:14:28] Epoch 109/120  reward=+0.0306  recent_20=+0.0006  p_loss=-0.0017  v_loss=28.3655  entropy=0.7121  kl=0.1451  trans=40960
[19:14:28]   -> Window best (epoch 109, recent_20=+0.0006)
[19:16:30] Epoch 110/120  reward=-0.0189  recent_20=-0.0014  p_loss=-0.0011  v_loss=28.8572  entropy=0.7149  kl=0.1413  trans=40960
[19:16:30] 
--- Benchmark vs expert_v2 (epoch 110) ---
[19:20:38]   win_rate=0.3906, avg_point_diff=-98.25
[19:20:38] --- Benchmark window best (epoch 109) ---
[19:24:50]   win_rate=0.3906, avg_point_diff=-62.28
[19:24:50]   => Kept previous best (avg_point_diff=+76.56)
[19:24:50] 
[19:26:51] Epoch 111/120  reward=-0.0386  recent_20=-0.0029  p_loss=-0.0010  v_loss=28.8744  entropy=0.7123  kl=0.1444  trans=40960
[19:26:51]   -> Window best (epoch 111, recent_20=-0.0029)
[19:28:52] Epoch 112/120  reward=-0.0462  recent_20=-0.0070  p_loss=-0.0018  v_loss=25.5798  entropy=0.7085  kl=0.1406  trans=40960
[19:30:54] Epoch 113/120  reward=-0.0105  recent_20=-0.0070  p_loss=-0.0016  v_loss=25.6694  entropy=0.7142  kl=0.1390  trans=40960
[19:32:56] Epoch 114/120  reward=+0.0350  recent_20=-0.0039  p_loss=-0.0012  v_loss=24.5410  entropy=0.7128  kl=0.1401  trans=40960
[19:34:57] Epoch 115/120  reward=+0.0255  recent_20=-0.0043  p_loss=-0.0012  v_loss=27.4174  entropy=0.6997  kl=0.1343  trans=40960
[19:37:00] Epoch 116/120  reward=+0.0249  recent_20=-0.0016  p_loss=-0.0019  v_loss=27.1647  entropy=0.7060  kl=0.1349  trans=40960
[19:37:00]   -> Window best (epoch 116, recent_20=-0.0016)
[19:39:02] Epoch 117/120  reward=+0.0222  recent_20=-0.0014  p_loss=-0.0011  v_loss=26.5872  entropy=0.7037  kl=0.1336  trans=40960
[19:39:02]   -> Window best (epoch 117, recent_20=-0.0014)
[19:41:03] Epoch 118/120  reward=+0.0029  recent_20=-0.0016  p_loss=-0.0016  v_loss=29.4047  entropy=0.7037  kl=0.1321  trans=40960
[19:43:06] Epoch 119/120  reward=-0.0025  recent_20=-0.0021  p_loss=-0.0010  v_loss=27.0437  entropy=0.7087  kl=0.1348  trans=40960
[19:45:08] Epoch 120/120  reward=+0.0235  recent_20=-0.0003  p_loss=-0.0013  v_loss=27.5667  entropy=0.7056  kl=0.1343  trans=40960
[19:45:08]   -> Window best (epoch 120, recent_20=-0.0003)
[19:45:08] 
--- Benchmark vs expert_v2 (epoch 120) ---
[19:49:14]   win_rate=0.375, avg_point_diff=-149.59
[19:49:14]   => Kept previous best (avg_point_diff=+76.56)
[19:49:14] 
[19:49:14] 
--- Final benchmark vs expert_v2 ---
[19:51:22]   win_rate=0.375, avg_point_diff=-113.94
[19:51:22]   => Keeping previous best (avg_point_diff=+76.56)
[19:51:22] 
Done. Best model: C:\projects\claude_code_test_project\models\neural_shaped_v1.pt (benchmark diff=+76.56)
[23:09:49] Logging to C:\projects\claude_code_test_project\models\neural_shaped_v1.log
[23:09:49] Device: cuda
[23:09:49] Reward rules: 5 active
[23:09:49]   - last_trick_bonus (weight=1.0)
[23:09:49]   - wasted_points_penalty (weight=1.0)
[23:09:49]   - waste_trump_penalty (weight=1.0)
[23:09:49]   - schmear_reward (weight=1.0)
[23:09:49]   - win_valuable_trick_bonus (weight=1.0)
[23:09:49] Loaded pretrained policy from C:\projects\claude_code_test_project\models\neural_best.pt
[23:09:49] Actor-Critic parameters: 338,593
[23:09:49] Settings: lr=0.0001, temp=1.15, shaping_weight=0.25, clip=0.15, entropy=0.02, kl=0.1, games/epoch=128
[23:09:49] 
--- Initial benchmark vs expert_v2 ---
